
ROM used:   1930/131072 (1%)
            1930/131072 (1%) including unused fragments

            0.5 Average locations per line
            3.6 Average locations per statement

RAM used:   37/3936 (1%) at main() level
            56/3936 (1%) worst case

Stack used: 0 worst case (0 in main + 0 for interrupts)
Stack size: 31

Lines Stmts  %   Files
----- ----- ---  -----
  135    72  13  BAI_324_16LED_UP_DW_CLR_2.c
   32     0   0  tv_boards.c
  137   121  23  TV_MOPHONG.C
  104     0   0  TV_MOPHONG.h
  953     0   0  ..\..\Program Files (x86)\PICC\Devices\18f6722.h
 2228   258  48  ..\..\Program Files (x86)\PICC\Drivers\math.h
  180    86  16  TV_LOWLEVER.C
    7     0   0  TV_LOWLEVER.H
   39     0   0  ..\..\Program Files (x86)\PICC\Drivers\stdbool.h
----- -----
 3815   537 Total

Page ROM  %  RAM    Vol Diff  Functions:
---- --- --- ---    --- ----  ----------
0     42   1    1             @delay_ms1
0     54   1    0    221  2.6  led32_display
0    102   3    0    452  2.8  d7seg_display
0     98   3    2    301  5.1  s7seg_display
0     12   0    0     30  1.0  buzzer_off
0     12   0    0     30  1.0  triac_2_off
0     62   2    0    394  3.2  system_init
0     90   2    4    457  6.6  CHECK_MODULE
0     82   2    0    153  3.9  delay_start
0    142   4   13             @DIV3232
0    146   4    6    318  6.3  delay_stop
0    398  10    4   1166  7.6  inputcd
0     62   2    6             @WRITEBITA
0     50   1    5             @READBITA
0     40   1    0             @goto47098
0    122   3    1    714  6.2  modes
0    156   4    2    621  6.7  on_PST
0    146   4    2    681  8.1  off_TSP
0    110   3    1    154  3.9  MAIN
 Inline         0    250  5.0  @cinit1

Program metrics:
    Functions               15
    Statements              537
    Comments                489
    Volume (V)              9753
    Difficulty (D)          70.8
    Effort to implement (E) 690340
    Time to implement (T)   10 hours, 39 minutes
    Est Delivered Bugs (B)  3
    Cyclomatic Complexity   35
    Maintainability (MI)    106

 Segment     Used  Free
-----------  ----  ----
00000-00002     4  0  
00004-0FFFE  1926  63606  
10000-1FFFE     0  65536  



