
ROM used:   868/131072 (1%)
            868/131072 (1%) including unused fragments

            0.2 Average locations per line
            1.7 Average locations per statement

RAM used:   35/3936 (1%) at main() level
            55/3936 (1%) worst case

Stack used: 0 worst case (0 in main + 0 for interrupts)
Stack size: 31

Lines Stmts  %   Files
----- ----- ---  -----
  106    54  10  BAI_312_STD_PST_TSP_32LED.c
   32     0   0  tv_boards.c
  137   121  23  TV_MOPHONG.C
  104     0   0  TV_MOPHONG.h
  953     0   0  ..\..\Program Files (x86)\PICC\Devices\18f6722.h
 2228   258  50  ..\..\Program Files (x86)\PICC\Drivers\math.h
  180    86  17  TV_LOWLEVER.C
    7     0   0  TV_LOWLEVER.H
----- -----
 3747   519 Total

Page ROM  %  RAM    Vol Diff  Functions:
---- --- --- ---    --- ----  ----------
0     42   2    1             @delay_ms1
0     54   3    0    221  2.6  led32_display
0    102   6    0    452  2.8  d7seg_display
0     98   6    2    301  5.1  s7seg_display
0     12   1    0     30  1.0  buzzer_off
0     12   1    0     30  1.0  triac_2_off
0     62   4    0    394  3.2  system_init
0     90   5    4    457  6.6  CHECK_MODULE
0     78   4    1    174  4.8  on_r2l
0     54   3    1    167  4.3  off_r2l
0     78   4    1    174  4.8  on_l2r
0     54   3    1    167  4.3  off_l2r
0    128   7    0    284  3.6  MAIN
 Inline         0    107  1.4  @cinit1

Program metrics:
    Functions               13
    Statements              519
    Comments                444
    Volume (V)              5026
    Difficulty (D)          46.4
    Effort to implement (E) 233082
    Time to implement (T)   3 hours, 36 minutes
    Est Delivered Bugs (B)  1
    Cyclomatic Complexity   13
    Maintainability (MI)    98

 Segment     Used  Free
-----------  ----  ----
00000-00002     4  0  
00004-0FFFE   864  64668  
10000-1FFFE     0  65536  



