
ROM used:   1530/131072 (1%)
            1530/131072 (1%) including unused fragments

            0.4 Average locations per line
            3.2 Average locations per statement

RAM used:   36/3936 (1%) at main() level
            55/3936 (1%) worst case

Stack used: 0 worst case (0 in main + 0 for interrupts)
Stack size: 31

Lines Stmts  %   Files
----- ----- ---  -----
   28    13   3  BAI_323_ON_OFF_INV_CDOI_8LED.c
   32     0   0  tv_boards.c
  137   121  25  TV_MOPHONG.C
  104     0   0  TV_MOPHONG.h
  953     0   0  ..\..\Program Files (x86)\PICC\Devices\18f6722.h
 2228   258  54  ..\..\Program Files (x86)\PICC\Drivers\math.h
  180    86  18  TV_LOWLEVER.C
    7     0   0  TV_LOWLEVER.H
----- -----
 3669   478 Total

Page ROM  %  RAM    Vol Diff  Functions:
---- --- --- ---    --- ----  ----------
0     42   1    1             @delay_ms1
0     54   2    0    221  2.6  led32_display
0    102   3    0    452  2.8  d7seg_display
0     98   3    2    301  5.1  s7seg_display
0     12   0    0     30  1.0  buzzer_off
0     12   0    0     30  1.0  triac_2_off
0     62   2    0    394  3.2  system_init
0     90   3    4    457  6.6  CHECK_MODULE
0     82   3    0    153  3.9  delay_start
0    142   5   13             @DIV3232
0    146   5    6    318  6.3  delay_stop
0    400  13    4   1119  7.4  inputcd
0     62   2    6             @WRITEBITA
0     50   2    5             @READBITA
0     40   1    0             @goto63387
0      6   0    0     36  2.0  off_all
0    126   4    1    417  5.6  MAIN
 Inline         0    174  4.8  @cinit1

Program metrics:
    Functions               13
    Statements              478
    Comments                443
    Volume (V)              6606
    Difficulty (D)          53.7
    Effort to implement (E) 354444
    Time to implement (T)   5 hours, 28 minutes
    Est Delivered Bugs (B)  2
    Cyclomatic Complexity   22
    Maintainability (MI)    98

 Segment     Used  Free
-----------  ----  ----
00000-00002     4  0  
00004-0FFFE  1526  64006  
10000-1FFFE     0  65536  



