
ROM used:   640/131072 (0%)
            640/131072 (0%) including unused fragments

            0.2 Average locations per line
            1.3 Average locations per statement

RAM used:   34/3936 (1%) at main() level
            54/3936 (1%) worst case

Stack used: 0 worst case (0 in main + 0 for interrupts)
Stack size: 31

Lines Stmts  %   Files
----- ----- ---  -----
   31    15   3  BAI_305_STD_PST_16LED_CHOPTAT_8LED.c
   32     0   0  tv_boards.c
  137   121  25  TV_MOPHONG.C
  104     0   0  TV_MOPHONG.h
  953     0   0  ..\..\Program Files (x86)\PICC\Devices\18f6722.h
 2228   258  54  ..\..\Program Files (x86)\PICC\Drivers\math.h
  180    86  18  TV_LOWLEVER.C
    7     0   0  TV_LOWLEVER.H
----- -----
 3672   480 Total

Page ROM  %  RAM    Vol Diff  Functions:
---- --- --- ---    --- ----  ----------
0     42   3    1             @delay_ms1
0     54   4    0    221  2.6  led32_display
0    102   8    0    452  2.8  d7seg_display
0     98   8    2    301  5.1  s7seg_display
0     12   1    0     30  1.0  buzzer_off
0     12   1    0     30  1.0  triac_2_off
0     62   5    0    394  3.2  system_init
0     90   7    4    457  6.6  CHECK_MODULE
0    164  13    0    558  5.7  MAIN
 Inline         0             @cinit1

Program metrics:
    Functions               8
    Statements              480
    Comments                447
    Volume (V)              3681
    Difficulty (D)          28.7
    Effort to implement (E) 105807
    Time to implement (T)   1 hours, 38 minutes
    Est Delivered Bugs (B)  1
    Cyclomatic Complexity   6
    Maintainability (MI)    31

 Segment     Used  Free
-----------  ----  ----
00000-00002     4  0  
00004-0FFFE   636  64896  
10000-1FFFE     0  65536  



