
ROM used:   600/131072 (0%)
            600/131072 (0%) including unused fragments

            0.2 Average locations per line
            1.3 Average locations per statement

RAM used:   36/3936 (1%) at main() level
            55/3936 (1%) worst case

Stack used: 0 worst case (0 in main + 0 for interrupts)
Stack size: 31

Lines Stmts  %   Files
----- ----- ---  -----
   28    13   3  BAI_322_ON_OFF_INV_8LED.c
   32     0   0  tv_boards.c
  137   121  25  TV_MOPHONG.C
  104     0   0  TV_MOPHONG.h
  953     0   0  ..\..\Program Files (x86)\PICC\Devices\18f6722.h
 2228   258  54  ..\..\Program Files (x86)\PICC\Drivers\math.h
  180    86  18  TV_LOWLEVER.C
    7     0   0  TV_LOWLEVER.H
----- -----
 3669   478 Total

Page ROM  %  RAM    Vol Diff  Functions:
---- --- --- ---    --- ----  ----------
0     42   4    1             @delay_ms1
0     54   4    0    221  2.6  led32_display
0    102   8    0    452  2.8  d7seg_display
0     98   8    2    301  5.1  s7seg_display
0     12   1    0     30  1.0  buzzer_off
0     12   1    0     30  1.0  triac_2_off
0     62   5    0    394  3.2  system_init
0     90   8    4    457  6.6  CHECK_MODULE
0      6   0    0     36  2.0  off_all
0    118  10    1    417  5.6  MAIN
 Inline         0    174  4.8  @cinit1

Program metrics:
    Functions               10
    Statements              478
    Comments                443
    Volume (V)              3957
    Difficulty (D)          36.0
    Effort to implement (E) 142299
    Time to implement (T)   2 hours, 12 minutes
    Est Delivered Bugs (B)  1
    Cyclomatic Complexity   8
    Maintainability (MI)    38

 Segment     Used  Free
-----------  ----  ----
00000-00002     4  0  
00004-0FFFE   596  64936  
10000-1FFFE     0  65536  



