
ROM used:   1672/131072 (1%)
            1672/131072 (1%) including unused fragments

            0.5 Average locations per line
            3.4 Average locations per statement

RAM used:   38/3936 (1%) at main() level
            56/3936 (1%) worst case

Stack used: 0 worst case (0 in main + 0 for interrupts)
Stack size: 31

Lines Stmts  %   Files
----- ----- ---  -----
   70    34   7  BAI_324_16LED_UP_DW_CLR_1.c
   32     0   0  tv_boards.c
  137   121  24  TV_MOPHONG.C
  104     0   0  TV_MOPHONG.h
  953     0   0  ..\..\Program Files (x86)\PICC\Devices\18f6722.h
 2228   258  52  ..\..\Program Files (x86)\PICC\Drivers\math.h
  180    86  17  TV_LOWLEVER.C
    7     0   0  TV_LOWLEVER.H
----- -----
 3711   499 Total

Page ROM  %  RAM    Vol Diff  Functions:
---- --- --- ---    --- ----  ----------
0     42   1    1             @delay_ms1
0     54   2    0    221  2.6  led32_display
0    102   3    0    452  2.8  d7seg_display
0     98   3    2    301  5.1  s7seg_display
0     12   0    0     30  1.0  buzzer_off
0     12   0    0     30  1.0  triac_2_off
0     62   2    0    394  3.2  system_init
0     90   3    4    457  6.6  CHECK_MODULE
0     82   2    0    153  3.9  delay_start
0    142   4   13             @DIV3232
0    146   4    6    318  6.3  delay_stop
0    398  12    4   1119  7.4  inputcd
0     62   2    6             @WRITEBITA
0     50   1    5             @READBITA
0     40   1    0             @goto64102
0     24   1    1    129  3.4  clear_all
0     70   2    1    204  4.9  on_PST
0     72   2    1    262  5.9  off_TSP
0    110   3    3    183  4.0  MAIN
 Inline         0    250  5.0  @cinit1

Program metrics:
    Functions               15
    Statements              499
    Comments                456
    Volume (V)              7534
    Difficulty (D)          64.0
    Effort to implement (E) 482243
    Time to implement (T)   7 hours, 27 minutes
    Est Delivered Bugs (B)  2
    Cyclomatic Complexity   26
    Maintainability (MI)    120

 Segment     Used  Free
-----------  ----  ----
00000-00002     4  0  
00004-0FFFE  1668  63864  
10000-1FFFE     0  65536  



