
ROM used:   716/131072 (1%)
            716/131072 (1%) including unused fragments

            0.2 Average locations per line
            1.4 Average locations per statement

RAM used:   35/3936 (1%) at main() level
            55/3936 (1%) worst case

Stack used: 0 worst case (0 in main + 0 for interrupts)
Stack size: 31

Lines Stmts  %   Files
----- ----- ---  -----
   63    30   6  BAI_311_STD_PST_32LED_NO_LOOP.c
   32     0   0  tv_boards.c
  137   121  24  TV_MOPHONG.C
  104     0   0  TV_MOPHONG.h
  953     0   0  ..\..\Program Files (x86)\PICC\Devices\18f6722.h
 2228   258  52  ..\..\Program Files (x86)\PICC\Drivers\math.h
  180    86  17  TV_LOWLEVER.C
    7     0   0  TV_LOWLEVER.H
----- -----
 3704   495 Total

Page ROM  %  RAM    Vol Diff  Functions:
---- --- --- ---    --- ----  ----------
0     42   3    1             @delay_ms1
0     54   4    0    221  2.6  led32_display
0    102   7    0    452  2.8  d7seg_display
0     98   7    2    301  5.1  s7seg_display
0     12   1    0     30  1.0  buzzer_off
0     12   1    0     30  1.0  triac_2_off
0     62   4    0    394  3.2  system_init
0     90   6    4    457  6.6  CHECK_MODULE
0     78   5    1    174  4.8  on_r2l
0     54   4    1    167  4.3  off_r2l
0    108   8    0    174  3.4  MAIN
 Inline         0    589  6.7  @cinit1

Program metrics:
    Functions               11
    Statements              495
    Comments                444
    Volume (V)              4818
    Difficulty (D)          42.5
    Effort to implement (E) 204598
    Time to implement (T)   3 hours, 9 minutes
    Est Delivered Bugs (B)  1
    Cyclomatic Complexity   11
    Maintainability (MI)    57

 Segment     Used  Free
-----------  ----  ----
00000-00002     4  0  
00004-0FFFE   712  64820  
10000-1FFFE     0  65536  



