
ROM used:   676/131072 (1%)
            676/131072 (1%) including unused fragments

            0.2 Average locations per line
            1.4 Average locations per statement

RAM used:   35/3936 (1%) at main() level
            54/3936 (1%) worst case

Stack used: 0 worst case (0 in main + 0 for interrupts)
Stack size: 31

Lines Stmts  %   Files
----- ----- ---  -----
   25    13   3  BAI_307_STD_TSP_32LED.c
   32     0   0  tv_boards.c
  137   121  25  TV_MOPHONG.C
  104     0   0  TV_MOPHONG.h
  953     0   0  ..\..\Program Files (x86)\PICC\Devices\18f6722.h
 2228   258  54  ..\..\Program Files (x86)\PICC\Drivers\math.h
  180    86  18  TV_LOWLEVER.C
    7     0   0  TV_LOWLEVER.H
----- -----
 3666   478 Total

Page ROM  %  RAM    Vol Diff  Functions:
---- --- --- ---    --- ----  ----------
0     42   3    1             @delay_ms1
0     54   4    0    221  2.6  led32_display
0    102   8    0    452  2.8  d7seg_display
0     98   7    2    301  5.1  s7seg_display
0     12   1    0     30  1.0  buzzer_off
0     12   1    0     30  1.0  triac_2_off
0     62   5    0    394  3.2  system_init
0     90   7    4    457  6.6  CHECK_MODULE
0    200  15    1    359  5.1  MAIN
 Inline         0             @cinit1

Program metrics:
    Functions               8
    Statements              478
    Comments                445
    Volume (V)              3411
    Difficulty (D)          28.1
    Effort to implement (E) 95716
    Time to implement (T)   1 hours, 29 minutes
    Est Delivered Bugs (B)  1
    Cyclomatic Complexity   6
    Maintainability (MI)    31

 Segment     Used  Free
-----------  ----  ----
00000-00002     4  0  
00004-0FFFE   672  64860  
10000-1FFFE     0  65536  



