
ROM used:   1272/131072 (1%)
            1272/131072 (1%) including unused fragments

            0.3 Average locations per line
            2.2 Average locations per statement

RAM used:   36/3936 (1%) at main() level
            56/3936 (1%) worst case

Stack used: 0 worst case (0 in main + 0 for interrupts)
Stack size: 31

Lines Stmts  %   Files
----- ----- ---  -----
  194   113  20  BAI_313_TONGHOP_32LED.c
   32     0   0  tv_boards.c
  137   121  21  TV_MOPHONG.C
  104     0   0  TV_MOPHONG.h
  953     0   0  ..\..\Program Files (x86)\PICC\Devices\18f6722.h
 2228   258  45  ..\..\Program Files (x86)\PICC\Drivers\math.h
  180    86  15  TV_LOWLEVER.C
    7     0   0  TV_LOWLEVER.H
----- -----
 3835   578 Total

Page ROM  %  RAM    Vol Diff  Functions:
---- --- --- ---    --- ----  ----------
0     42   2    1             @delay_ms1
0     54   2    0    221  2.6  led32_display
0    102   4    0    452  2.8  d7seg_display
0     98   4    2    301  5.1  s7seg_display
0     12   0    0     30  1.0  buzzer_off
0     12   0    0     30  1.0  triac_2_off
0     62   2    0    394  3.2  system_init
0     90   4    4    457  6.6  CHECK_MODULE
0     30   1    0    151  4.3  led_flash
0     78   3    1    174  4.8  on_r2l
0     54   2    1    167  4.3  off_r2l
0     78   3    1    174  4.8  on_l2r
0     54   2    1    167  4.3  off_l2r
0    162   6    0    635  7.2  on_off_fi
0    162   6    0    635  7.2  on_off_fo
0    178   7    0    525  3.3  MAIN
 Inline         0             @cinit1

Program metrics:
    Functions               15
    Statements              578
    Comments                454
    Volume (V)              7635
    Difficulty (D)          63.5
    Effort to implement (E) 484890
    Time to implement (T)   7 hours, 29 minutes
    Est Delivered Bugs (B)  2
    Cyclomatic Complexity   23
    Maintainability (MI)    118

 Segment     Used  Free
-----------  ----  ----
00000-00002     4  0  
00004-0FFFE  1268  64264  
10000-1FFFE     0  65536  



