
ROM used:   566/131072 (0%)
            566/131072 (0%) including unused fragments

            0.2 Average locations per line
            1.2 Average locations per statement

RAM used:   33/3936 (1%) at main() level
            53/3936 (1%) worst case

Stack used: 0 worst case (0 in main + 0 for interrupts)
Stack size: 31

Lines Stmts  %   Files
----- ----- ---  -----
   14     6   1  EXAMPLE_.c
   32     0   0  tv_boards.c
  137   121  26  TV_MOPHONG.C
  104     0   0  TV_MOPHONG.h
  953     0   0  ..\..\Program Files (x86)\PICC\Devices\18f6722.h
 2228   258  55  ..\..\Program Files (x86)\PICC\Drivers\math.h
  180    86  18  TV_LOWLEVER.C
    7     0   0  TV_LOWLEVER.H
----- -----
 3655   471 Total

Page ROM  %  RAM    Vol Diff  Functions:
---- --- --- ---    --- ----  ----------
0     42   4    1             @delay_ms1
0     54   5    0    221  2.6  led32_display
0    102   9    0    452  2.8  d7seg_display
0     98   9    2    301  5.1  s7seg_display
0     12   1    0     30  1.0  buzzer_off
0     12   1    0     30  1.0  triac_2_off
0     62   5    0    394  3.2  system_init
0     90   8    4    457  6.6  CHECK_MODULE
0     90   8    0    127  3.4  MAIN
 Inline         0             @cinit1

Program metrics:
    Functions               8
    Statements              471
    Comments                444
    Volume (V)              3058
    Difficulty (D)          26.5
    Effort to implement (E) 80901
    Time to implement (T)   1 hours, 15 minutes
    Est Delivered Bugs (B)  1
    Cyclomatic Complexity   4
    Maintainability (MI)    31

 Segment     Used  Free
-----------  ----  ----
00000-00002     4  0  
00004-0FFFE   562  64970  
10000-1FFFE     0  65536  



